// Jest Snapshot v1, https://goo.gl/fbAQLP

exports[`components | OfferEdition | DeleteDialog snapshot should match the snapshot when isEvent = false 1`] = `ShallowWrapper {}`;

exports[`components | OfferEdition | DeleteDialog snapshot should match the snapshot when isEvent = true 1`] = `ShallowWrapper {}`;
